// Jest Snapshot v1, https://goo.gl/fbAQLP

exports[`matches snapshot 1`] = `
<DocumentFragment>
  <div
    class="EditTodoForm"
  >
    <form>
      <input
        id="task"
        name="task"
        placeholder="Edit todo"
        type="text"
        value=""
      />
      <button>
        Edit Todo
      </button>
    </form>
  </div>
</DocumentFragment>
`;
