// Jest Snapshot v1, https://goo.gl/fbAQLP

exports[`has correct color, height and width 1`] = `
<DocumentFragment>
  <div
    class="Box-container"
  >
    <div
      class="Box"
      role="box"
    />
    <button
      class="Box-btn"
    >
      X
    </button>
  </div>
</DocumentFragment>
`;

exports[`matches snapshot 1`] = `
<DocumentFragment>
  <div
    class="Box-container"
  >
    <div
      class="Box"
      role="box"
    />
    <button
      class="Box-btn"
    >
      X
    </button>
  </div>
</DocumentFragment>
`;
